Write a Lex and Yacc program to validate the strings generated by the grammar a^nb^m where n,m>=0

.........................................l4q3.l
%{
#include"y.tab.h"
%}
%%
[a] {return A;}
[b] {return B;}
[\n] {return END;}
%%
.........................................l4q3.y
%{
#include<stdio.h>
%}
%token A B END
%start S
%%
S: N M END {printf("Valid\n");exit(0);}
N: A N | ;
M: B M | ;
%%
main()
{
yyparse();
}
yyerror()
{
printf("Invalid\n");
}
...............................................
Output:
[1410@icttelnet2 Lab4]$ ./a.out
ab
Valid
[1410@icttelnet2 Lab4]$ ./a.out
aab
Valid
[1410@icttelnet2 Lab4]$ ./a.out
aabbb
Valid
[1410@icttelnet2 Lab4]$ ./a.out
b
Valid
[1410@icttelnet2 Lab4]$ ./a.out
a
Valid
[1410@icttelnet2 Lab4]$ ./a.out

Valid
[1410@icttelnet2 Lab4]$ ./a.out
abab
Invalid